{'loss': '11.97', 'grad_norm': '0.3921', 'learning_rate': '1.997e-05', 'epoch': '0.003239'}
{'loss': '11.34', 'grad_norm': '0.4826', 'learning_rate': '1.994e-05', 'epoch': '0.006477'}
{'loss': '10.56', 'grad_norm': '0.4535', 'learning_rate': '1.992e-05', 'epoch': '0.009716'}
{'loss': '10.09', 'grad_norm': '0.5053', 'learning_rate': '1.988e-05', 'epoch': '0.01295'}
{'loss': '9.531', 'grad_norm': '0.4688', 'learning_rate': '1.985e-05', 'epoch': '0.01619'}
{'loss': '9.053', 'grad_norm': '0.4929', 'learning_rate': '1.982e-05', 'epoch': '0.01943'}
{'loss': '8.743', 'grad_norm': '0.4304', 'learning_rate': '1.979e-05', 'epoch': '0.02267'}
{'loss': '8.492', 'grad_norm': '0.313', 'learning_rate': '1.975e-05', 'epoch': '0.02591'}
{'loss': '8.446', 'grad_norm': '0.2966', 'learning_rate': '1.972e-05', 'epoch': '0.02915'}
{'loss': '8.332', 'grad_norm': '0.277', 'learning_rate': '1.969e-05', 'epoch': '0.03239'}
{'loss': '8.2', 'grad_norm': '0.3028', 'learning_rate': '1.966e-05', 'epoch': '0.03563'}
{'loss': '8.119', 'grad_norm': '0.4218', 'learning_rate': '1.962e-05', 'epoch': '0.03886'}
{'loss': '7.973', 'grad_norm': '1.112', 'learning_rate': '1.959e-05', 'epoch': '0.0421'}
{'loss': '8.065', 'grad_norm': '0.3609', 'learning_rate': '1.956e-05', 'epoch': '0.04534'}
{'loss': '7.984', 'grad_norm': '0.44', 'learning_rate': '1.953e-05', 'epoch': '0.04858'}
{'loss': '7.884', 'grad_norm': '0.2661', 'learning_rate': '1.949e-05', 'epoch': '0.05182'}
{'loss': '7.918', 'grad_norm': '0.2795', 'learning_rate': '1.946e-05', 'epoch': '0.05506'}
{'loss': '7.908', 'grad_norm': '0.4135', 'learning_rate': '1.943e-05', 'epoch': '0.0583'}
{'loss': '7.769', 'grad_norm': '0.3688', 'learning_rate': '1.94e-05', 'epoch': '0.06154'}
{'loss': '7.856', 'grad_norm': '0.5148', 'learning_rate': '1.937e-05', 'epoch': '0.06477'}
{'loss': '7.793', 'grad_norm': '0.7535', 'learning_rate': '1.933e-05', 'epoch': '0.06801'}
{'loss': '7.732', 'grad_norm': '0.4375', 'learning_rate': '1.93e-05', 'epoch': '0.07125'}
{'loss': '7.66', 'grad_norm': '0.4167', 'learning_rate': '1.927e-05', 'epoch': '0.07449'}
{'loss': '7.683', 'grad_norm': '0.5253', 'learning_rate': '1.924e-05', 'epoch': '0.07773'}
{'loss': '7.699', 'grad_norm': '0.4849', 'learning_rate': '1.92e-05', 'epoch': '0.08097'}
{'loss': '7.696', 'grad_norm': '0.494', 'learning_rate': '1.917e-05', 'epoch': '0.08421'}
{'loss': '7.617', 'grad_norm': '0.499', 'learning_rate': '1.914e-05', 'epoch': '0.08745'}
{'loss': '7.6', 'grad_norm': '0.4272', 'learning_rate': '1.911e-05', 'epoch': '0.09068'}
{'loss': '7.517', 'grad_norm': '0.4534', 'learning_rate': '1.907e-05', 'epoch': '0.09392'}
{'loss': '7.679', 'grad_norm': '0.4396', 'learning_rate': '1.904e-05', 'epoch': '0.09716'}
{'loss': '7.592', 'grad_norm': '0.6476', 'learning_rate': '1.901e-05', 'epoch': '0.1004'}
{'loss': '7.616', 'grad_norm': '0.6921', 'learning_rate': '1.898e-05', 'epoch': '0.1036'}
{'loss': '7.607', 'grad_norm': '0.5132', 'learning_rate': '1.894e-05', 'epoch': '0.1069'}
{'loss': '7.497', 'grad_norm': '0.3838', 'learning_rate': '1.891e-05', 'epoch': '0.1101'}
{'loss': '7.539', 'grad_norm': '0.5066', 'learning_rate': '1.888e-05', 'epoch': '0.1134'}
{'loss': '7.466', 'grad_norm': '0.5302', 'learning_rate': '1.885e-05', 'epoch': '0.1166'}
{'loss': '7.408', 'grad_norm': '0.711', 'learning_rate': '1.881e-05', 'epoch': '0.1198'}
{'loss': '7.529', 'grad_norm': '0.6173', 'learning_rate': '1.878e-05', 'epoch': '0.1231'}
{'loss': '7.489', 'grad_norm': '0.4145', 'learning_rate': '1.875e-05', 'epoch': '0.1263'}
{'loss': '7.475', 'grad_norm': '0.393', 'learning_rate': '1.872e-05', 'epoch': '0.1295'}
{'loss': '7.489', 'grad_norm': '0.4794', 'learning_rate': '1.869e-05', 'epoch': '0.1328'}
{'loss': '7.442', 'grad_norm': '0.5393', 'learning_rate': '1.865e-05', 'epoch': '0.136'}
{'loss': '7.471', 'grad_norm': '0.4855', 'learning_rate': '1.862e-05', 'epoch': '0.1393'}
{'loss': '7.525', 'grad_norm': '0.4993', 'learning_rate': '1.859e-05', 'epoch': '0.1425'}
{'loss': '7.494', 'grad_norm': '0.5189', 'learning_rate': '1.856e-05', 'epoch': '0.1457'}
{'loss': '7.48', 'grad_norm': '0.4823', 'learning_rate': '1.852e-05', 'epoch': '0.149'}
{'loss': '7.452', 'grad_norm': '0.4189', 'learning_rate': '1.849e-05', 'epoch': '0.1522'}
{'loss': '7.32', 'grad_norm': '0.4587', 'learning_rate': '1.846e-05', 'epoch': '0.1555'}
{'loss': '7.355', 'grad_norm': '0.5381', 'learning_rate': '1.843e-05', 'epoch': '0.1587'}
{'loss': '7.392', 'grad_norm': '0.4828', 'learning_rate': '1.839e-05', 'epoch': '0.1619'}
{'loss': '7.322', 'grad_norm': '0.4131', 'learning_rate': '1.836e-05', 'epoch': '0.1652'}
{'loss': '7.424', 'grad_norm': '0.4172', 'learning_rate': '1.833e-05', 'epoch': '0.1684'}
{'loss': '7.336', 'grad_norm': '0.4665', 'learning_rate': '1.83e-05', 'epoch': '0.1717'}
{'loss': '7.464', 'grad_norm': '0.4356', 'learning_rate': '1.827e-05', 'epoch': '0.1749'}
{'loss': '7.347', 'grad_norm': '0.5041', 'learning_rate': '1.824e-05', 'epoch': '0.1781'}
{'loss': '7.423', 'grad_norm': '0.6125', 'learning_rate': '1.82e-05', 'epoch': '0.1814'}
{'loss': '7.324', 'grad_norm': '0.6031', 'learning_rate': '1.817e-05', 'epoch': '0.1846'}
{'loss': '7.33', 'grad_norm': '0.5019', 'learning_rate': '1.814e-05', 'epoch': '0.1878'}
{'loss': '7.387', 'grad_norm': '0.6787', 'learning_rate': '1.811e-05', 'epoch': '0.1911'}
{'loss': '7.399', 'grad_norm': '0.489', 'learning_rate': '1.807e-05', 'epoch': '0.1943'}
{'loss': '7.41', 'grad_norm': '0.4584', 'learning_rate': '1.804e-05', 'epoch': '0.1976'}
{'loss': '7.153', 'grad_norm': '0.6671', 'learning_rate': '1.801e-05', 'epoch': '0.2008'}
{'loss': '7.235', 'grad_norm': '0.7442', 'learning_rate': '1.798e-05', 'epoch': '0.204'}
{'loss': '7.372', 'grad_norm': '0.5176', 'learning_rate': '1.794e-05', 'epoch': '0.2073'}
{'loss': '7.311', 'grad_norm': '0.623', 'learning_rate': '1.791e-05', 'epoch': '0.2105'}
{'loss': '7.366', 'grad_norm': '0.7628', 'learning_rate': '1.788e-05', 'epoch': '0.2138'}
{'loss': '7.345', 'grad_norm': '0.6192', 'learning_rate': '1.785e-05', 'epoch': '0.217'}
{'loss': '7.364', 'grad_norm': '1.07', 'learning_rate': '1.781e-05', 'epoch': '0.2202'}
{'loss': '7.259', 'grad_norm': '0.8824', 'learning_rate': '1.778e-05', 'epoch': '0.2235'}
{'loss': '7.402', 'grad_norm': '2.379', 'learning_rate': '1.775e-05', 'epoch': '0.2267'}
{'loss': '7.338', 'grad_norm': '1.473', 'learning_rate': '1.772e-05', 'epoch': '0.23'}
{'loss': '7.424', 'grad_norm': '0.6761', 'learning_rate': '1.769e-05', 'epoch': '0.2332'}
{'loss': '7.384', 'grad_norm': '0.7214', 'learning_rate': '1.766e-05', 'epoch': '0.2364'}
{'loss': '7.477', 'grad_norm': '5.853', 'learning_rate': '1.763e-05', 'epoch': '0.2397'}
{'loss': '7.475', 'grad_norm': 'nan', 'learning_rate': '1.761e-05', 'epoch': '0.2429'}
{'loss': '7.529', 'grad_norm': '400', 'learning_rate': '1.758e-05', 'epoch': '0.2461'}
{'loss': '7.666', 'grad_norm': '0.9519', 'learning_rate': '1.757e-05', 'epoch': '0.2494'}
{'loss': '7.729', 'grad_norm': '0.7222', 'learning_rate': '1.754e-05', 'epoch': '0.2526'}
{'loss': '7.573', 'grad_norm': '0.6828', 'learning_rate': '1.75e-05', 'epoch': '0.2559'}
{'loss': '7.566', 'grad_norm': '0.63', 'learning_rate': '1.747e-05', 'epoch': '0.2591'}
{'loss': '7.687', 'grad_norm': '0.6066', 'learning_rate': '1.744e-05', 'epoch': '0.2623'}
{'loss': '7.48', 'grad_norm': '0.7177', 'learning_rate': '1.741e-05', 'epoch': '0.2656'}
{'loss': '7.527', 'grad_norm': '0.5803', 'learning_rate': '1.737e-05', 'epoch': '0.2688'}
{'loss': '7.626', 'grad_norm': '0.7464', 'learning_rate': '1.734e-05', 'epoch': '0.2721'}
{'loss': '7.52', 'grad_norm': '0.6996', 'learning_rate': '1.731e-05', 'epoch': '0.2753'}
{'loss': '7.453', 'grad_norm': '0.7597', 'learning_rate': '1.728e-05', 'epoch': '0.2785'}
{'loss': '7.568', 'grad_norm': '0.7272', 'learning_rate': '1.724e-05', 'epoch': '0.2818'}
{'loss': '7.451', 'grad_norm': '0.8646', 'learning_rate': '1.721e-05', 'epoch': '0.285'}
{'loss': '7.519', 'grad_norm': '0.6306', 'learning_rate': '1.718e-05', 'epoch': '0.2882'}
{'loss': '7.496', 'grad_norm': '0.608', 'learning_rate': '1.715e-05', 'epoch': '0.2915'}
{'loss': '7.551', 'grad_norm': '0.6454', 'learning_rate': '1.711e-05', 'epoch': '0.2947'}
{'loss': '7.514', 'grad_norm': '0.6345', 'learning_rate': '1.708e-05', 'epoch': '0.298'}
{'loss': '7.531', 'grad_norm': '0.7582', 'learning_rate': '1.705e-05', 'epoch': '0.3012'}
{'loss': '7.45', 'grad_norm': '0.5592', 'learning_rate': '1.702e-05', 'epoch': '0.3044'}
{'loss': '7.588', 'grad_norm': '0.6382', 'learning_rate': '1.699e-05', 'epoch': '0.3077'}
{'loss': '7.396', 'grad_norm': '0.7327', 'learning_rate': '1.695e-05', 'epoch': '0.3109'}
{'loss': '7.471', 'grad_norm': '0.7226', 'learning_rate': '1.692e-05', 'epoch': '0.3142'}
{'loss': '7.452', 'grad_norm': '0.8163', 'learning_rate': '1.689e-05', 'epoch': '0.3174'}
{'loss': '7.517', 'grad_norm': '0.7408', 'learning_rate': '1.686e-05', 'epoch': '0.3206'}
{'loss': '7.514', 'grad_norm': '0.6311', 'learning_rate': '1.682e-05', 'epoch': '0.3239'}
{'loss': '7.411', 'grad_norm': '0.7075', 'learning_rate': '1.679e-05', 'epoch': '0.3271'}
{'loss': '7.423', 'grad_norm': '0.6296', 'learning_rate': '1.676e-05', 'epoch': '0.3304'}
{'loss': '7.522', 'grad_norm': '0.628', 'learning_rate': '1.673e-05', 'epoch': '0.3336'}
{'loss': '7.541', 'grad_norm': '0.6998', 'learning_rate': '1.669e-05', 'epoch': '0.3368'}
{'loss': '7.584', 'grad_norm': '0.659', 'learning_rate': '1.666e-05', 'epoch': '0.3401'}
{'loss': '7.489', 'grad_norm': '0.6384', 'learning_rate': '1.663e-05', 'epoch': '0.3433'}
{'loss': '7.653', 'grad_norm': '0.5894', 'learning_rate': '1.66e-05', 'epoch': '0.3465'}
{'loss': '7.668', 'grad_norm': '0.6123', 'learning_rate': '1.656e-05', 'epoch': '0.3498'}
{'loss': '7.544', 'grad_norm': '0.554', 'learning_rate': '1.653e-05', 'epoch': '0.353'}
{'loss': '7.427', 'grad_norm': '0.652', 'learning_rate': '1.65e-05', 'epoch': '0.3563'}
{'loss': '7.512', 'grad_norm': '0.661', 'learning_rate': '1.647e-05', 'epoch': '0.3595'}
{'loss': '7.432', 'grad_norm': '0.5619', 'learning_rate': '1.643e-05', 'epoch': '0.3627'}
{'loss': '7.466', 'grad_norm': '0.6786', 'learning_rate': '1.64e-05', 'epoch': '0.366'}
{'loss': '7.481', 'grad_norm': '0.6346', 'learning_rate': '1.637e-05', 'epoch': '0.3692'}
{'loss': '7.472', 'grad_norm': '0.6914', 'learning_rate': '1.634e-05', 'epoch': '0.3725'}
{'loss': '7.628', 'grad_norm': '0.5711', 'learning_rate': '1.631e-05', 'epoch': '0.3757'}
{'loss': '7.663', 'grad_norm': '0.6401', 'learning_rate': '1.627e-05', 'epoch': '0.3789'}
{'loss': '7.444', 'grad_norm': '0.5504', 'learning_rate': '1.624e-05', 'epoch': '0.3822'}
{'loss': '7.438', 'grad_norm': '0.6038', 'learning_rate': '1.621e-05', 'epoch': '0.3854'}
{'loss': '7.602', 'grad_norm': '0.5604', 'learning_rate': '1.618e-05', 'epoch': '0.3886'}
{'loss': '7.481', 'grad_norm': '0.6686', 'learning_rate': '1.614e-05', 'epoch': '0.3919'}
{'loss': '7.65', 'grad_norm': '0.6632', 'learning_rate': '1.611e-05', 'epoch': '0.3951'}
{'loss': '7.528', 'grad_norm': '0.6643', 'learning_rate': '1.608e-05', 'epoch': '0.3984'}
{'loss': '7.536', 'grad_norm': '0.6', 'learning_rate': '1.605e-05', 'epoch': '0.4016'}
{'loss': '7.578', 'grad_norm': '0.6468', 'learning_rate': '1.601e-05', 'epoch': '0.4048'}
{'loss': '7.482', 'grad_norm': '0.5718', 'learning_rate': '1.598e-05', 'epoch': '0.4081'}
{'loss': '7.588', 'grad_norm': '0.5743', 'learning_rate': '1.595e-05', 'epoch': '0.4113'}
{'loss': '7.442', 'grad_norm': '0.6302', 'learning_rate': '1.592e-05', 'epoch': '0.4146'}
{'loss': '7.692', 'grad_norm': '0.5472', 'learning_rate': '1.588e-05', 'epoch': '0.4178'}
{'loss': '7.597', 'grad_norm': '0.5686', 'learning_rate': '1.585e-05', 'epoch': '0.421'}
{'loss': '7.499', 'grad_norm': '0.5691', 'learning_rate': '1.582e-05', 'epoch': '0.4243'}
{'loss': '7.696', 'grad_norm': '0.5973', 'learning_rate': '1.579e-05', 'epoch': '0.4275'}
{'loss': '7.546', 'grad_norm': '0.5262', 'learning_rate': '1.575e-05', 'epoch': '0.4308'}
{'loss': '7.604', 'grad_norm': '0.6183', 'learning_rate': '1.572e-05', 'epoch': '0.434'}
{'loss': '7.662', 'grad_norm': '0.5169', 'learning_rate': '1.569e-05', 'epoch': '0.4372'}
{'loss': '7.736', 'grad_norm': '0.5382', 'learning_rate': '1.566e-05', 'epoch': '0.4405'}
{'loss': '7.631', 'grad_norm': '0.5946', 'learning_rate': '1.563e-05', 'epoch': '0.4437'}
{'loss': '7.613', 'grad_norm': '0.5511', 'learning_rate': '1.559e-05', 'epoch': '0.4469'}
{'loss': '7.752', 'grad_norm': '0.532', 'learning_rate': '1.556e-05', 'epoch': '0.4502'}
{'loss': '7.694', 'grad_norm': '0.5117', 'learning_rate': '1.553e-05', 'epoch': '0.4534'}
{'loss': '7.686', 'grad_norm': '0.5724', 'learning_rate': '1.55e-05', 'epoch': '0.4567'}
{'loss': '7.592', 'grad_norm': '0.5803', 'learning_rate': '1.546e-05', 'epoch': '0.4599'}
{'loss': '7.634', 'grad_norm': '0.5011', 'learning_rate': '1.543e-05', 'epoch': '0.4631'}
{'loss': '7.587', 'grad_norm': '0.4546', 'learning_rate': '1.54e-05', 'epoch': '0.4664'}
{'loss': '7.74', 'grad_norm': '0.568', 'learning_rate': '1.537e-05', 'epoch': '0.4696'}
{'loss': '7.632', 'grad_norm': '0.4831', 'learning_rate': '1.533e-05', 'epoch': '0.4729'}
{'loss': '7.616', 'grad_norm': '0.4911', 'learning_rate': '1.53e-05', 'epoch': '0.4761'}
{'loss': '7.676', 'grad_norm': '0.6098', 'learning_rate': '1.527e-05', 'epoch': '0.4793'}
{'loss': '7.653', 'grad_norm': '0.4061', 'learning_rate': '1.524e-05', 'epoch': '0.4826'}
{'loss': '7.801', 'grad_norm': '0.5939', 'learning_rate': '1.52e-05', 'epoch': '0.4858'}
{'loss': '7.688', 'grad_norm': '0.5546', 'learning_rate': '1.517e-05', 'epoch': '0.489'}
{'loss': '7.621', 'grad_norm': '0.6398', 'learning_rate': '1.514e-05', 'epoch': '0.4923'}
{'loss': '7.646', 'grad_norm': '0.549', 'learning_rate': '1.511e-05', 'epoch': '0.4955'}
{'loss': '7.742', 'grad_norm': '0.5386', 'learning_rate': '1.507e-05', 'epoch': '0.4988'}
{'loss': '7.806', 'grad_norm': '0.4298', 'learning_rate': '1.504e-05', 'epoch': '0.502'}
{'loss': '7.709', 'grad_norm': '0.5179', 'learning_rate': '1.501e-05', 'epoch': '0.5052'}
{'loss': '7.723', 'grad_norm': '0.5482', 'learning_rate': '1.498e-05', 'epoch': '0.5085'}
{'loss': '7.588', 'grad_norm': '0.546', 'learning_rate': '1.494e-05', 'epoch': '0.5117'}
{'loss': '7.782', 'grad_norm': '0.4037', 'learning_rate': '1.491e-05', 'epoch': '0.515'}
{'loss': '7.762', 'grad_norm': '0.4954', 'learning_rate': '1.488e-05', 'epoch': '0.5182'}
{'loss': '7.838', 'grad_norm': '0.4633', 'learning_rate': '1.485e-05', 'epoch': '0.5214'}
{'loss': '7.664', 'grad_norm': '0.452', 'learning_rate': '1.482e-05', 'epoch': '0.5247'}
{'loss': '7.678', 'grad_norm': '0.3706', 'learning_rate': '1.478e-05', 'epoch': '0.5279'}
{'loss': '7.751', 'grad_norm': '0.3827', 'learning_rate': '1.475e-05', 'epoch': '0.5312'}
{'loss': '7.714', 'grad_norm': '0.2519', 'learning_rate': '1.472e-05', 'epoch': '0.5344'}
{'loss': '7.787', 'grad_norm': '0.4587', 'learning_rate': '1.469e-05', 'epoch': '0.5376'}
{'loss': '7.716', 'grad_norm': '0.4669', 'learning_rate': '1.465e-05', 'epoch': '0.5409'}
{'loss': '7.901', 'grad_norm': '0.4064', 'learning_rate': '1.462e-05', 'epoch': '0.5441'}
{'loss': '7.773', 'grad_norm': '0.562', 'learning_rate': '1.459e-05', 'epoch': '0.5473'}
{'loss': '7.69', 'grad_norm': '0.4437', 'learning_rate': '1.456e-05', 'epoch': '0.5506'}
{'loss': '7.656', 'grad_norm': '0.3968', 'learning_rate': '1.452e-05', 'epoch': '0.5538'}
{'loss': '7.693', 'grad_norm': '0.538', 'learning_rate': '1.449e-05', 'epoch': '0.5571'}
{'loss': '7.756', 'grad_norm': '0.4652', 'learning_rate': '1.446e-05', 'epoch': '0.5603'}
{'loss': '7.797', 'grad_norm': '0.477', 'learning_rate': '1.443e-05', 'epoch': '0.5635'}
{'loss': '7.745', 'grad_norm': '0.4445', 'learning_rate': '1.439e-05', 'epoch': '0.5668'}
{'loss': '7.737', 'grad_norm': '0.4973', 'learning_rate': '1.436e-05', 'epoch': '0.57'}
{'loss': '7.808', 'grad_norm': '0.3609', 'learning_rate': '1.433e-05', 'epoch': '0.5733'}
{'loss': '7.87', 'grad_norm': '0.3736', 'learning_rate': '1.43e-05', 'epoch': '0.5765'}
{'loss': '7.884', 'grad_norm': '0.599', 'learning_rate': '1.426e-05', 'epoch': '0.5797'}
{'loss': '7.801', 'grad_norm': '0.34', 'learning_rate': '1.423e-05', 'epoch': '0.583'}
{'loss': '7.802', 'grad_norm': '0.3886', 'learning_rate': '1.42e-05', 'epoch': '0.5862'}
{'loss': '7.858', 'grad_norm': '0.5142', 'learning_rate': '1.417e-05', 'epoch': '0.5894'}
{'loss': '7.922', 'grad_norm': '0.4996', 'learning_rate': '1.414e-05', 'epoch': '0.5927'}
{'loss': '7.757', 'grad_norm': '0.3638', 'learning_rate': '1.41e-05', 'epoch': '0.5959'}
{'loss': '7.649', 'grad_norm': '0.4226', 'learning_rate': '1.407e-05', 'epoch': '0.5992'}
{'loss': '7.904', 'grad_norm': '0.4764', 'learning_rate': '1.404e-05', 'epoch': '0.6024'}
{'loss': '7.773', 'grad_norm': '0.2706', 'learning_rate': '1.401e-05', 'epoch': '0.6056'}
{'loss': '7.847', 'grad_norm': '0.2957', 'learning_rate': '1.397e-05', 'epoch': '0.6089'}
{'loss': '7.849', 'grad_norm': '0.2822', 'learning_rate': '1.394e-05', 'epoch': '0.6121'}
{'loss': '7.718', 'grad_norm': '0.3754', 'learning_rate': '1.391e-05', 'epoch': '0.6154'}
{'loss': '7.838', 'grad_norm': '0.6044', 'learning_rate': '1.388e-05', 'epoch': '0.6186'}
{'loss': '7.815', 'grad_norm': '0.4401', 'learning_rate': '1.384e-05', 'epoch': '0.6218'}
{'loss': '7.89', 'grad_norm': '0.3973', 'learning_rate': '1.381e-05', 'epoch': '0.6251'}
{'loss': '7.834', 'grad_norm': '0.396', 'learning_rate': '1.378e-05', 'epoch': '0.6283'}
{'loss': '7.77', 'grad_norm': '0.5092', 'learning_rate': '1.375e-05', 'epoch': '0.6316'}
{'loss': '7.785', 'grad_norm': '0.5635', 'learning_rate': '1.371e-05', 'epoch': '0.6348'}
{'loss': '7.827', 'grad_norm': '0.3461', 'learning_rate': '1.368e-05', 'epoch': '0.638'}
{'loss': '7.872', 'grad_norm': '0.416', 'learning_rate': '1.365e-05', 'epoch': '0.6413'}
{'loss': '7.705', 'grad_norm': '0.4102', 'learning_rate': '1.362e-05', 'epoch': '0.6445'}
{'loss': '7.903', 'grad_norm': '0.4248', 'learning_rate': '1.358e-05', 'epoch': '0.6477'}
{'loss': '7.811', 'grad_norm': '0.2699', 'learning_rate': '1.355e-05', 'epoch': '0.651'}
{'loss': '7.83', 'grad_norm': '0.5073', 'learning_rate': '1.352e-05', 'epoch': '0.6542'}
{'loss': '7.747', 'grad_norm': '0.4772', 'learning_rate': '1.349e-05', 'epoch': '0.6575'}
{'loss': '7.86', 'grad_norm': '0.4019', 'learning_rate': '1.346e-05', 'epoch': '0.6607'}
{'loss': '7.947', 'grad_norm': '0.3371', 'learning_rate': '1.342e-05', 'epoch': '0.6639'}
{'loss': '7.809', 'grad_norm': '0.2786', 'learning_rate': '1.339e-05', 'epoch': '0.6672'}
{'loss': '7.985', 'grad_norm': '0.2173', 'learning_rate': '1.336e-05', 'epoch': '0.6704'}
{'loss': '7.857', 'grad_norm': '0.4063', 'learning_rate': '1.333e-05', 'epoch': '0.6737'}
{'loss': '7.903', 'grad_norm': '0.3427', 'learning_rate': '1.329e-05', 'epoch': '0.6769'}
{'loss': '7.966', 'grad_norm': '0.2914', 'learning_rate': '1.326e-05', 'epoch': '0.6801'}
{'loss': '7.904', 'grad_norm': '0.4432', 'learning_rate': '1.323e-05', 'epoch': '0.6834'}
{'loss': '7.86', 'grad_norm': '0.3049', 'learning_rate': '1.32e-05', 'epoch': '0.6866'}
{'loss': '7.729', 'grad_norm': '0.4557', 'learning_rate': '1.316e-05', 'epoch': '0.6899'}
{'loss': '7.938', 'grad_norm': '0.3911', 'learning_rate': '1.313e-05', 'epoch': '0.6931'}
{'loss': '7.899', 'grad_norm': '0.3787', 'learning_rate': '1.31e-05', 'epoch': '0.6963'}
{'loss': '7.861', 'grad_norm': '0.163', 'learning_rate': '1.307e-05', 'epoch': '0.6996'}
{'loss': '7.952', 'grad_norm': '0.4894', 'learning_rate': '1.303e-05', 'epoch': '0.7028'}
{'loss': '8.049', 'grad_norm': '0.3211', 'learning_rate': '1.3e-05', 'epoch': '0.706'}
{'loss': '7.888', 'grad_norm': '0.4518', 'learning_rate': '1.297e-05', 'epoch': '0.7093'}
{'loss': '7.977', 'grad_norm': '0.2933', 'learning_rate': '1.294e-05', 'epoch': '0.7125'}
{'loss': '7.886', 'grad_norm': '0.3035', 'learning_rate': '1.29e-05', 'epoch': '0.7158'}
{'loss': '7.852', 'grad_norm': '0.2958', 'learning_rate': '1.287e-05', 'epoch': '0.719'}
{'loss': '7.884', 'grad_norm': '0.2736', 'learning_rate': '1.284e-05', 'epoch': '0.7222'}
{'loss': '7.891', 'grad_norm': '0.3038', 'learning_rate': '1.281e-05', 'epoch': '0.7255'}
{'loss': '7.959', 'grad_norm': '0.3489', 'learning_rate': '1.278e-05', 'epoch': '0.7287'}
{'loss': '7.6', 'grad_norm': '0.3806', 'learning_rate': '1.274e-05', 'epoch': '0.732'}
{'loss': '7.786', 'grad_norm': '0.3361', 'learning_rate': '1.271e-05', 'epoch': '0.7352'}
{'loss': '7.955', 'grad_norm': '0.4677', 'learning_rate': '1.268e-05', 'epoch': '0.7384'}
{'loss': '7.986', 'grad_norm': '0.3105', 'learning_rate': '1.265e-05', 'epoch': '0.7417'}
{'loss': '7.978', 'grad_norm': '0.3885', 'learning_rate': '1.261e-05', 'epoch': '0.7449'}
{'loss': '7.919', 'grad_norm': '0.2809', 'learning_rate': '1.258e-05', 'epoch': '0.7481'}
{'loss': '7.891', 'grad_norm': '0.3124', 'learning_rate': '1.255e-05', 'epoch': '0.7514'}
{'loss': '7.844', 'grad_norm': '0.4354', 'learning_rate': '1.252e-05', 'epoch': '0.7546'}
{'loss': '7.991', 'grad_norm': '0.2485', 'learning_rate': '1.248e-05', 'epoch': '0.7579'}
{'loss': '7.91', 'grad_norm': '0.4074', 'learning_rate': '1.245e-05', 'epoch': '0.7611'}
{'loss': '7.905', 'grad_norm': '0.266', 'learning_rate': '1.242e-05', 'epoch': '0.7643'}
{'loss': '7.819', 'grad_norm': '0.5422', 'learning_rate': '1.239e-05', 'epoch': '0.7676'}
{'loss': '7.889', 'grad_norm': '0.4181', 'learning_rate': '1.235e-05', 'epoch': '0.7708'}
{'loss': '7.882', 'grad_norm': '0.2806', 'learning_rate': '1.232e-05', 'epoch': '0.7741'}
{'loss': '7.833', 'grad_norm': '0.387', 'learning_rate': '1.229e-05', 'epoch': '0.7773'}
{'loss': '8.021', 'grad_norm': '0.3192', 'learning_rate': '1.226e-05', 'epoch': '0.7805'}
{'loss': '8.015', 'grad_norm': '0.2667', 'learning_rate': '1.222e-05', 'epoch': '0.7838'}
{'loss': '8.022', 'grad_norm': '0.3295', 'learning_rate': '1.219e-05', 'epoch': '0.787'}
{'loss': '7.935', 'grad_norm': '0.1845', 'learning_rate': '1.216e-05', 'epoch': '0.7903'}
{'loss': '8.1', 'grad_norm': '0.3071', 'learning_rate': '1.213e-05', 'epoch': '0.7935'}
{'loss': '7.905', 'grad_norm': '0.2684', 'learning_rate': '1.21e-05', 'epoch': '0.7967'}
{'loss': '7.912', 'grad_norm': '0.424', 'learning_rate': '1.206e-05', 'epoch': '0.8'}
{'loss': '7.842', 'grad_norm': '0.3282', 'learning_rate': '1.203e-05', 'epoch': '0.8032'}
{'loss': '7.982', 'grad_norm': '0.2835', 'learning_rate': '1.2e-05', 'epoch': '0.8064'}
{'loss': '7.967', 'grad_norm': '0.2993', 'learning_rate': '1.197e-05', 'epoch': '0.8097'}
{'loss': '7.953', 'grad_norm': '0.3687', 'learning_rate': '1.193e-05', 'epoch': '0.8129'}
{'loss': '7.88', 'grad_norm': '0.2677', 'learning_rate': '1.19e-05', 'epoch': '0.8162'}
{'loss': '8.063', 'grad_norm': '0.2541', 'learning_rate': '1.187e-05', 'epoch': '0.8194'}
{'loss': '7.929', 'grad_norm': '0.2993', 'learning_rate': '1.184e-05', 'epoch': '0.8226'}
{'loss': '8.04', 'grad_norm': '0.3098', 'learning_rate': '1.18e-05', 'epoch': '0.8259'}
{'loss': '7.848', 'grad_norm': '0.4828', 'learning_rate': '1.177e-05', 'epoch': '0.8291'}
{'loss': '8.007', 'grad_norm': '0.3039', 'learning_rate': '1.174e-05', 'epoch': '0.8324'}
{'loss': '7.727', 'grad_norm': '0.4201', 'learning_rate': '1.171e-05', 'epoch': '0.8356'}
{'loss': '7.888', 'grad_norm': '0.3859', 'learning_rate': '1.167e-05', 'epoch': '0.8388'}
{'loss': '8.025', 'grad_norm': '0.3839', 'learning_rate': '1.164e-05', 'epoch': '0.8421'}
{'loss': '8.004', 'grad_norm': '0.3414', 'learning_rate': '1.161e-05', 'epoch': '0.8453'}
{'loss': '8.026', 'grad_norm': '0.2997', 'learning_rate': '1.158e-05', 'epoch': '0.8485'}
{'loss': '7.988', 'grad_norm': '0.2299', 'learning_rate': '1.154e-05', 'epoch': '0.8518'}
{'loss': '8.002', 'grad_norm': '0.3486', 'learning_rate': '1.151e-05', 'epoch': '0.855'}
{'loss': '8.132', 'grad_norm': '0.3688', 'learning_rate': '1.148e-05', 'epoch': '0.8583'}
{'loss': '7.901', 'grad_norm': '0.2793', 'learning_rate': '1.145e-05', 'epoch': '0.8615'}
{'loss': '7.88', 'grad_norm': '0.3451', 'learning_rate': '1.142e-05', 'epoch': '0.8647'}
{'loss': '8.143', 'grad_norm': '0.3639', 'learning_rate': '1.138e-05', 'epoch': '0.868'}
{'loss': '7.999', 'grad_norm': '0.3988', 'learning_rate': '1.135e-05', 'epoch': '0.8712'}
{'loss': '7.954', 'grad_norm': '0.1676', 'learning_rate': '1.132e-05', 'epoch': '0.8745'}
{'loss': '7.992', 'grad_norm': '0.2715', 'learning_rate': '1.129e-05', 'epoch': '0.8777'}
{'loss': '7.837', 'grad_norm': '0.3865', 'learning_rate': '1.125e-05', 'epoch': '0.8809'}
{'loss': '7.876', 'grad_norm': '0.2364', 'learning_rate': '1.122e-05', 'epoch': '0.8842'}
{'loss': '8.12', 'grad_norm': '0.3645', 'learning_rate': '1.119e-05', 'epoch': '0.8874'}
{'loss': '8.007', 'grad_norm': '0.3454', 'learning_rate': '1.116e-05', 'epoch': '0.8907'}
{'loss': '7.82', 'grad_norm': '0.2632', 'learning_rate': '1.112e-05', 'epoch': '0.8939'}
{'loss': '8.004', 'grad_norm': '0.4282', 'learning_rate': '1.109e-05', 'epoch': '0.8971'}
{'loss': '7.938', 'grad_norm': '0.3664', 'learning_rate': '1.106e-05', 'epoch': '0.9004'}
{'loss': '7.915', 'grad_norm': '0.2623', 'learning_rate': '1.103e-05', 'epoch': '0.9036'}
{'loss': '7.888', 'grad_norm': '0.3416', 'learning_rate': '1.099e-05', 'epoch': '0.9068'}
{'loss': '7.887', 'grad_norm': '0.3835', 'learning_rate': '1.096e-05', 'epoch': '0.9101'}
{'loss': '7.956', 'grad_norm': '0.4004', 'learning_rate': '1.093e-05', 'epoch': '0.9133'}
{'loss': '7.865', 'grad_norm': '0.3511', 'learning_rate': '1.09e-05', 'epoch': '0.9166'}
{'loss': '7.762', 'grad_norm': '0.4844', 'learning_rate': '1.086e-05', 'epoch': '0.9198'}
{'loss': '7.914', 'grad_norm': '0.4778', 'learning_rate': '1.083e-05', 'epoch': '0.923'}
{'loss': '8', 'grad_norm': '0.5004', 'learning_rate': '1.08e-05', 'epoch': '0.9263'}
{'loss': '7.879', 'grad_norm': '0.4034', 'learning_rate': '1.077e-05', 'epoch': '0.9295'}
{'loss': '7.927', 'grad_norm': '0.5814', 'learning_rate': '1.074e-05', 'epoch': '0.9328'}
{'loss': '7.947', 'grad_norm': '0.4397', 'learning_rate': '1.07e-05', 'epoch': '0.936'}
{'loss': '7.965', 'grad_norm': '0.2876', 'learning_rate': '1.067e-05', 'epoch': '0.9392'}
{'loss': '8.064', 'grad_norm': '0.2886', 'learning_rate': '1.064e-05', 'epoch': '0.9425'}
{'loss': '8.039', 'grad_norm': '0.5798', 'learning_rate': '1.061e-05', 'epoch': '0.9457'}
{'loss': '7.994', 'grad_norm': '0.3175', 'learning_rate': '1.057e-05', 'epoch': '0.9489'}
{'loss': '7.958', 'grad_norm': '0.4147', 'learning_rate': '1.054e-05', 'epoch': '0.9522'}
{'loss': '7.982', 'grad_norm': '0.3832', 'learning_rate': '1.051e-05', 'epoch': '0.9554'}
{'loss': '8.052', 'grad_norm': '0.2507', 'learning_rate': '1.048e-05', 'epoch': '0.9587'}
{'loss': '8.022', 'grad_norm': '0.4669', 'learning_rate': '1.044e-05', 'epoch': '0.9619'}
{'loss': '8.115', 'grad_norm': '0.3853', 'learning_rate': '1.041e-05', 'epoch': '0.9651'}
{'loss': '7.985', 'grad_norm': '0.4547', 'learning_rate': '1.038e-05', 'epoch': '0.9684'}
{'loss': '8.113', 'grad_norm': '0.48', 'learning_rate': '1.035e-05', 'epoch': '0.9716'}
{'loss': '7.911', 'grad_norm': '0.3973', 'learning_rate': '1.031e-05', 'epoch': '0.9749'}
{'loss': '8.042', 'grad_norm': '0.6258', 'learning_rate': '1.028e-05', 'epoch': '0.9781'}
{'loss': '8.015', 'grad_norm': '0.358', 'learning_rate': '1.025e-05', 'epoch': '0.9813'}
{'loss': '8.133', 'grad_norm': '0.3194', 'learning_rate': '1.022e-05', 'epoch': '0.9846'}
{'loss': '7.932', 'grad_norm': '0.6283', 'learning_rate': '1.018e-05', 'epoch': '0.9878'}
{'loss': '8.085', 'grad_norm': '0.3086', 'learning_rate': '1.015e-05', 'epoch': '0.9911'}
{'loss': '7.998', 'grad_norm': '0.4473', 'learning_rate': '1.012e-05', 'epoch': '0.9943'}
{'loss': '8.009', 'grad_norm': '0.4018', 'learning_rate': '1.009e-05', 'epoch': '0.9975'}
{'loss': '7.888', 'grad_norm': '0.3939', 'learning_rate': '1.006e-05', 'epoch': '1.001'}
{'loss': '7.956', 'grad_norm': '0.5241', 'learning_rate': '1.002e-05', 'epoch': '1.004'}
{'loss': '7.97', 'grad_norm': '0.4223', 'learning_rate': '9.99e-06', 'epoch': '1.007'}
{'loss': '8.091', 'grad_norm': '0.3901', 'learning_rate': '9.958e-06', 'epoch': '1.01'}
{'loss': '7.969', 'grad_norm': '0.2992', 'learning_rate': '9.926e-06', 'epoch': '1.014'}
{'loss': '7.923', 'grad_norm': '0.4909', 'learning_rate': '9.893e-06', 'epoch': '1.017'}
{'loss': '8.149', 'grad_norm': '0.3007', 'learning_rate': '9.861e-06', 'epoch': '1.02'}
{'loss': '8.033', 'grad_norm': '0.4384', 'learning_rate': '9.828e-06', 'epoch': '1.023'}
{'loss': '8.017', 'grad_norm': '0.5056', 'learning_rate': '9.796e-06', 'epoch': '1.027'}
{'loss': '7.989', 'grad_norm': '0.4242', 'learning_rate': '9.764e-06', 'epoch': '1.03'}
{'loss': '8.127', 'grad_norm': '0.4443', 'learning_rate': '9.731e-06', 'epoch': '1.033'}
{'loss': '8.057', 'grad_norm': '0.3657', 'learning_rate': '9.699e-06', 'epoch': '1.036'}
{'loss': '7.957', 'grad_norm': '0.2998', 'learning_rate': '9.666e-06', 'epoch': '1.04'}
{'loss': '7.999', 'grad_norm': '0.4148', 'learning_rate': '9.634e-06', 'epoch': '1.043'}
{'loss': '8.046', 'grad_norm': '0.865', 'learning_rate': '9.602e-06', 'epoch': '1.046'}
{'loss': '7.927', 'grad_norm': '0.5814', 'learning_rate': '9.569e-06', 'epoch': '1.049'}
{'loss': '8.048', 'grad_norm': '0.5328', 'learning_rate': '9.537e-06', 'epoch': '1.052'}
{'loss': '8.153', 'grad_norm': '0.368', 'learning_rate': '9.505e-06', 'epoch': '1.056'}
{'loss': '8.062', 'grad_norm': '0.5673', 'learning_rate': '9.472e-06', 'epoch': '1.059'}
{'loss': '8.03', 'grad_norm': '0.447', 'learning_rate': '9.44e-06', 'epoch': '1.062'}
{'loss': '8.067', 'grad_norm': '0.4039', 'learning_rate': '9.407e-06', 'epoch': '1.065'}
{'loss': '8.014', 'grad_norm': '0.4731', 'learning_rate': '9.375e-06', 'epoch': '1.069'}
{'loss': '8.102', 'grad_norm': '0.3786', 'learning_rate': '9.343e-06', 'epoch': '1.072'}
{'loss': '8.11', 'grad_norm': '0.3374', 'learning_rate': '9.31e-06', 'epoch': '1.075'}
{'loss': '7.966', 'grad_norm': '0.5885', 'learning_rate': '9.278e-06', 'epoch': '1.078'}
{'loss': '8.005', 'grad_norm': '0.5608', 'learning_rate': '9.245e-06', 'epoch': '1.082'}
{'loss': '8.048', 'grad_norm': '0.4401', 'learning_rate': '9.213e-06', 'epoch': '1.085'}
{'loss': '7.999', 'grad_norm': '0.3285', 'learning_rate': '9.181e-06', 'epoch': '1.088'}
{'loss': '8.11', 'grad_norm': '0.4636', 'learning_rate': '9.148e-06', 'epoch': '1.091'}
{'loss': '8.027', 'grad_norm': '0.3782', 'learning_rate': '9.116e-06', 'epoch': '1.095'}
{'loss': '7.913', 'grad_norm': '0.6437', 'learning_rate': '9.084e-06', 'epoch': '1.098'}
{'loss': '8.076', 'grad_norm': '0.4612', 'learning_rate': '9.051e-06', 'epoch': '1.101'}
{'loss': '8.076', 'grad_norm': '0.4643', 'learning_rate': '9.019e-06', 'epoch': '1.104'}
{'loss': '8.033', 'grad_norm': '0.4242', 'learning_rate': '8.986e-06', 'epoch': '1.108'}
{'loss': '8.125', 'grad_norm': '0.4417', 'learning_rate': '8.954e-06', 'epoch': '1.111'}
{'loss': '8.124', 'grad_norm': '0.4709', 'learning_rate': '8.922e-06', 'epoch': '1.114'}
{'loss': '8.114', 'grad_norm': '0.4062', 'learning_rate': '8.889e-06', 'epoch': '1.117'}
{'loss': '7.899', 'grad_norm': '0.6162', 'learning_rate': '8.857e-06', 'epoch': '1.12'}
{'loss': '8.077', 'grad_norm': '0.4126', 'learning_rate': '8.824e-06', 'epoch': '1.124'}
{'loss': '8.02', 'grad_norm': '0.5699', 'learning_rate': '8.792e-06', 'epoch': '1.127'}
{'loss': '8.048', 'grad_norm': '0.4368', 'learning_rate': '8.76e-06', 'epoch': '1.13'}
{'loss': '8.144', 'grad_norm': '0.3486', 'learning_rate': '8.727e-06', 'epoch': '1.133'}
{'loss': '7.909', 'grad_norm': '0.703', 'learning_rate': '8.695e-06', 'epoch': '1.137'}
{'loss': '7.987', 'grad_norm': '0.3707', 'learning_rate': '8.663e-06', 'epoch': '1.14'}
{'loss': '8.096', 'grad_norm': '0.3809', 'learning_rate': '8.63e-06', 'epoch': '1.143'}
{'loss': '8.056', 'grad_norm': '0.2963', 'learning_rate': '8.598e-06', 'epoch': '1.146'}
{'loss': '8.133', 'grad_norm': '0.7801', 'learning_rate': '8.565e-06', 'epoch': '1.15'}
{'loss': '8.149', 'grad_norm': '0.2391', 'learning_rate': '8.533e-06', 'epoch': '1.153'}
{'loss': '7.96', 'grad_norm': '0.5023', 'learning_rate': '8.501e-06', 'epoch': '1.156'}
{'loss': '7.992', 'grad_norm': '0.5025', 'learning_rate': '8.468e-06', 'epoch': '1.159'}
{'loss': '8.011', 'grad_norm': '0.4035', 'learning_rate': '8.436e-06', 'epoch': '1.163'}
{'loss': '8.069', 'grad_norm': '0.4246', 'learning_rate': '8.403e-06', 'epoch': '1.166'}
{'loss': '7.95', 'grad_norm': '0.4595', 'learning_rate': '8.371e-06', 'epoch': '1.169'}
{'loss': '8.119', 'grad_norm': '0.5241', 'learning_rate': '8.339e-06', 'epoch': '1.172'}
{'loss': '7.932', 'grad_norm': '0.4581', 'learning_rate': '8.306e-06', 'epoch': '1.176'}
{'loss': '8.066', 'grad_norm': '0.3903', 'learning_rate': '8.274e-06', 'epoch': '1.179'}
{'loss': '8.041', 'grad_norm': '0.4313', 'learning_rate': '8.242e-06', 'epoch': '1.182'}
{'loss': '8.018', 'grad_norm': '0.6404', 'learning_rate': '8.209e-06', 'epoch': '1.185'}
{'loss': '7.911', 'grad_norm': '0.6667', 'learning_rate': '8.177e-06', 'epoch': '1.188'}
{'loss': '7.921', 'grad_norm': '0.715', 'learning_rate': '8.144e-06', 'epoch': '1.192'}
{'loss': '8.006', 'grad_norm': '0.6152', 'learning_rate': '8.112e-06', 'epoch': '1.195'}
{'loss': '8.092', 'grad_norm': '0.4495', 'learning_rate': '8.08e-06', 'epoch': '1.198'}
{'loss': '7.92', 'grad_norm': '0.3209', 'learning_rate': '8.047e-06', 'epoch': '1.201'}
{'loss': '8.097', 'grad_norm': '0.5107', 'learning_rate': '8.015e-06', 'epoch': '1.205'}
{'loss': '7.996', 'grad_norm': '0.8768', 'learning_rate': '7.983e-06', 'epoch': '1.208'}
{'loss': '8.065', 'grad_norm': '0.4101', 'learning_rate': '7.95e-06', 'epoch': '1.211'}
{'loss': '8.064', 'grad_norm': '0.4367', 'learning_rate': '7.918e-06', 'epoch': '1.214'}
{'loss': '7.852', 'grad_norm': '0.5527', 'learning_rate': '7.885e-06', 'epoch': '1.218'}
{'loss': '8.02', 'grad_norm': '0.47', 'learning_rate': '7.853e-06', 'epoch': '1.221'}
{'loss': '8.17', 'grad_norm': '0.4956', 'learning_rate': '7.821e-06', 'epoch': '1.224'}
{'loss': '7.999', 'grad_norm': '0.7955', 'learning_rate': '7.788e-06', 'epoch': '1.227'}
{'loss': '8.024', 'grad_norm': '0.5251', 'learning_rate': '7.756e-06', 'epoch': '1.231'}
{'loss': '8.077', 'grad_norm': '0.4236', 'learning_rate': '7.723e-06', 'epoch': '1.234'}
{'loss': '8.087', 'grad_norm': '0.3641', 'learning_rate': '7.691e-06', 'epoch': '1.237'}
{'loss': '8.152', 'grad_norm': '0.4189', 'learning_rate': '7.659e-06', 'epoch': '1.24'}
{'loss': '8.2', 'grad_norm': '0.2831', 'learning_rate': '7.626e-06', 'epoch': '1.244'}
{'loss': '8.055', 'grad_norm': '0.521', 'learning_rate': '7.594e-06', 'epoch': '1.247'}
{'loss': '8.183', 'grad_norm': '0.4345', 'learning_rate': '7.562e-06', 'epoch': '1.25'}
{'loss': '8.152', 'grad_norm': '0.4307', 'learning_rate': '7.529e-06', 'epoch': '1.253'}
{'loss': '8.011', 'grad_norm': '0.3702', 'learning_rate': '7.497e-06', 'epoch': '1.257'}
{'loss': '8.09', 'grad_norm': '0.4669', 'learning_rate': '7.464e-06', 'epoch': '1.26'}
{'loss': '8.039', 'grad_norm': '0.4093', 'learning_rate': '7.432e-06', 'epoch': '1.263'}
{'loss': '8.181', 'grad_norm': '0.3293', 'learning_rate': '7.4e-06', 'epoch': '1.266'}
{'loss': '8.125', 'grad_norm': '0.3856', 'learning_rate': '7.367e-06', 'epoch': '1.269'}
{'loss': '8.074', 'grad_norm': '0.7395', 'learning_rate': '7.335e-06', 'epoch': '1.273'}
{'loss': '8.036', 'grad_norm': '0.4173', 'learning_rate': '7.302e-06', 'epoch': '1.276'}
{'loss': '8.088', 'grad_norm': '0.5172', 'learning_rate': '7.27e-06', 'epoch': '1.279'}
{'loss': '7.999', 'grad_norm': '0.4285', 'learning_rate': '7.238e-06', 'epoch': '1.282'}
{'loss': '7.912', 'grad_norm': '0.5753', 'learning_rate': '7.205e-06', 'epoch': '1.286'}
{'loss': '8.162', 'grad_norm': '0.4634', 'learning_rate': '7.173e-06', 'epoch': '1.289'}
{'loss': '8.051', 'grad_norm': '0.4202', 'learning_rate': '7.141e-06', 'epoch': '1.292'}
{'loss': '7.997', 'grad_norm': '0.7385', 'learning_rate': '7.108e-06', 'epoch': '1.295'}
{'loss': '8.21', 'grad_norm': '0.2843', 'learning_rate': '7.076e-06', 'epoch': '1.299'}
{'loss': '8.043', 'grad_norm': '0.5387', 'learning_rate': '7.043e-06', 'epoch': '1.302'}
{'loss': '8.115', 'grad_norm': '0.3067', 'learning_rate': '7.011e-06', 'epoch': '1.305'}
{'loss': '8.086', 'grad_norm': '0.4483', 'learning_rate': '6.979e-06', 'epoch': '1.308'}
{'loss': '7.991', 'grad_norm': '0.8018', 'learning_rate': '6.946e-06', 'epoch': '1.312'}
{'loss': '8.09', 'grad_norm': '0.7319', 'learning_rate': '6.914e-06', 'epoch': '1.315'}
{'loss': '7.999', 'grad_norm': '0.3891', 'learning_rate': '6.881e-06', 'epoch': '1.318'}
{'loss': '8.032', 'grad_norm': '0.542', 'learning_rate': '6.849e-06', 'epoch': '1.321'}
{'loss': '8.084', 'grad_norm': '0.5147', 'learning_rate': '6.817e-06', 'epoch': '1.325'}
{'loss': '8.019', 'grad_norm': '0.4913', 'learning_rate': '6.784e-06', 'epoch': '1.328'}
{'loss': '8.049', 'grad_norm': '0.5058', 'learning_rate': '6.752e-06', 'epoch': '1.331'}
{'loss': '8.084', 'grad_norm': '0.4016', 'learning_rate': '6.72e-06', 'epoch': '1.334'}
{'loss': '8.131', 'grad_norm': '0.3209', 'learning_rate': '6.687e-06', 'epoch': '1.337'}
{'loss': '8.055', 'grad_norm': '0.3445', 'learning_rate': '6.655e-06', 'epoch': '1.341'}
{'loss': '8.146', 'grad_norm': '0.5234', 'learning_rate': '6.622e-06', 'epoch': '1.344'}
{'loss': '8.149', 'grad_norm': '0.4954', 'learning_rate': '6.59e-06', 'epoch': '1.347'}
{'loss': '8.014', 'grad_norm': '0.6834', 'learning_rate': '6.558e-06', 'epoch': '1.35'}
{'loss': '8.029', 'grad_norm': '0.6119', 'learning_rate': '6.525e-06', 'epoch': '1.354'}
{'loss': '8.094', 'grad_norm': '0.4893', 'learning_rate': '6.493e-06', 'epoch': '1.357'}
{'loss': '7.997', 'grad_norm': '0.5547', 'learning_rate': '6.46e-06', 'epoch': '1.36'}
{'loss': '8.118', 'grad_norm': '0.4063', 'learning_rate': '6.428e-06', 'epoch': '1.363'}
{'loss': '7.912', 'grad_norm': '0.6534', 'learning_rate': '6.396e-06', 'epoch': '1.367'}
{'loss': '8.157', 'grad_norm': '0.4706', 'learning_rate': '6.363e-06', 'epoch': '1.37'}
{'loss': '8.056', 'grad_norm': '0.6279', 'learning_rate': '6.331e-06', 'epoch': '1.373'}
{'loss': '8.076', 'grad_norm': '0.5963', 'learning_rate': '6.299e-06', 'epoch': '1.376'}
{'loss': '8.015', 'grad_norm': '0.4612', 'learning_rate': '6.266e-06', 'epoch': '1.38'}
{'loss': '8.172', 'grad_norm': '0.4787', 'learning_rate': '6.234e-06', 'epoch': '1.383'}
{'loss': '7.958', 'grad_norm': '0.3319', 'learning_rate': '6.201e-06', 'epoch': '1.386'}
{'loss': '8.223', 'grad_norm': '0.6495', 'learning_rate': '6.169e-06', 'epoch': '1.389'}
{'loss': '8.11', 'grad_norm': '0.5143', 'learning_rate': '6.137e-06', 'epoch': '1.393'}
{'loss': '8.159', 'grad_norm': '0.3666', 'learning_rate': '6.104e-06', 'epoch': '1.396'}
{'loss': '7.841', 'grad_norm': '0.3598', 'learning_rate': '6.072e-06', 'epoch': '1.399'}
{'loss': '8.098', 'grad_norm': '0.6434', 'learning_rate': '6.04e-06', 'epoch': '1.402'}
{'loss': '7.969', 'grad_norm': '0.5012', 'learning_rate': '6.007e-06', 'epoch': '1.405'}
{'loss': '8.126', 'grad_norm': '0.5671', 'learning_rate': '5.975e-06', 'epoch': '1.409'}
{'loss': '8.063', 'grad_norm': '0.4068', 'learning_rate': '5.942e-06', 'epoch': '1.412'}
{'loss': '8.158', 'grad_norm': '0.3998', 'learning_rate': '5.91e-06', 'epoch': '1.415'}
{'loss': '8.019', 'grad_norm': '0.3474', 'learning_rate': '5.878e-06', 'epoch': '1.418'}
{'loss': '8.088', 'grad_norm': '0.5432', 'learning_rate': '5.845e-06', 'epoch': '1.422'}
{'loss': '7.964', 'grad_norm': '0.8551', 'learning_rate': '5.813e-06', 'epoch': '1.425'}
{'loss': '8.103', 'grad_norm': '0.4799', 'learning_rate': '5.78e-06', 'epoch': '1.428'}
{'loss': '8.178', 'grad_norm': '0.6514', 'learning_rate': '5.748e-06', 'epoch': '1.431'}
{'loss': '8.102', 'grad_norm': '0.6248', 'learning_rate': '5.716e-06', 'epoch': '1.435'}
{'loss': '7.981', 'grad_norm': '0.6423', 'learning_rate': '5.683e-06', 'epoch': '1.438'}
{'loss': '8.084', 'grad_norm': '0.6818', 'learning_rate': '5.651e-06', 'epoch': '1.441'}
{'loss': '8.146', 'grad_norm': '0.4025', 'learning_rate': '5.619e-06', 'epoch': '1.444'}
{'loss': '7.981', 'grad_norm': '0.9136', 'learning_rate': '5.586e-06', 'epoch': '1.448'}
{'loss': '8.093', 'grad_norm': '0.4793', 'learning_rate': '5.554e-06', 'epoch': '1.451'}
{'loss': '8.093', 'grad_norm': '0.7306', 'learning_rate': '5.521e-06', 'epoch': '1.454'}
{'loss': '8.11', 'grad_norm': '0.6657', 'learning_rate': '5.489e-06', 'epoch': '1.457'}
{'loss': '8.021', 'grad_norm': '0.6121', 'learning_rate': '5.457e-06', 'epoch': '1.461'}
{'loss': '8.123', 'grad_norm': '0.6184', 'learning_rate': '5.424e-06', 'epoch': '1.464'}
{'loss': '8.111', 'grad_norm': '0.3921', 'learning_rate': '5.392e-06', 'epoch': '1.467'}
{'loss': '8.052', 'grad_norm': '0.3553', 'learning_rate': '5.359e-06', 'epoch': '1.47'}
{'loss': '7.996', 'grad_norm': '0.8928', 'learning_rate': '5.327e-06', 'epoch': '1.474'}
{'loss': '8.128', 'grad_norm': '0.2609', 'learning_rate': '5.295e-06', 'epoch': '1.477'}
{'loss': '8.132', 'grad_norm': '0.5055', 'learning_rate': '5.262e-06', 'epoch': '1.48'}
{'loss': '8.095', 'grad_norm': '0.4975', 'learning_rate': '5.23e-06', 'epoch': '1.483'}
{'loss': '8.134', 'grad_norm': '0.5409', 'learning_rate': '5.198e-06', 'epoch': '1.486'}
{'loss': '8.141', 'grad_norm': '0.3897', 'learning_rate': '5.165e-06', 'epoch': '1.49'}
{'loss': '8.005', 'grad_norm': '0.5468', 'learning_rate': '5.133e-06', 'epoch': '1.493'}
{'loss': '8.151', 'grad_norm': '0.4775', 'learning_rate': '5.1e-06', 'epoch': '1.496'}
{'loss': '8.012', 'grad_norm': '0.3758', 'learning_rate': '5.068e-06', 'epoch': '1.499'}
{'loss': '7.964', 'grad_norm': '0.5675', 'learning_rate': '5.036e-06', 'epoch': '1.503'}
{'loss': '8.106', 'grad_norm': '0.5766', 'learning_rate': '5.003e-06', 'epoch': '1.506'}
{'loss': '8.023', 'grad_norm': '0.3933', 'learning_rate': '4.971e-06', 'epoch': '1.509'}
{'loss': '8.015', 'grad_norm': '0.5004', 'learning_rate': '4.938e-06', 'epoch': '1.512'}
{'loss': '8.092', 'grad_norm': '0.5362', 'learning_rate': '4.906e-06', 'epoch': '1.516'}
{'loss': '7.902', 'grad_norm': '0.6414', 'learning_rate': '4.874e-06', 'epoch': '1.519'}
{'loss': '8.228', 'grad_norm': '0.3527', 'learning_rate': '4.841e-06', 'epoch': '1.522'}
{'loss': '8.046', 'grad_norm': '0.3981', 'learning_rate': '4.809e-06', 'epoch': '1.525'}
{'loss': '8.127', 'grad_norm': '0.3498', 'learning_rate': '4.777e-06', 'epoch': '1.529'}
{'loss': '8.093', 'grad_norm': '0.49', 'learning_rate': '4.744e-06', 'epoch': '1.532'}
{'loss': '8.084', 'grad_norm': '0.4257', 'learning_rate': '4.712e-06', 'epoch': '1.535'}
{'loss': '8.099', 'grad_norm': '0.4243', 'learning_rate': '4.679e-06', 'epoch': '1.538'}
{'loss': '8.129', 'grad_norm': '0.4444', 'learning_rate': '4.647e-06', 'epoch': '1.542'}
{'loss': '8.12', 'grad_norm': '0.5459', 'learning_rate': '4.615e-06', 'epoch': '1.545'}
{'loss': '7.986', 'grad_norm': '0.3613', 'learning_rate': '4.582e-06', 'epoch': '1.548'}
{'loss': '8.134', 'grad_norm': '0.5923', 'learning_rate': '4.55e-06', 'epoch': '1.551'}
{'loss': '8.019', 'grad_norm': '0.6025', 'learning_rate': '4.517e-06', 'epoch': '1.554'}
{'loss': '8.097', 'grad_norm': '0.5063', 'learning_rate': '4.485e-06', 'epoch': '1.558'}
{'loss': '7.994', 'grad_norm': '0.6452', 'learning_rate': '4.453e-06', 'epoch': '1.561'}
{'loss': '8.238', 'grad_norm': '0.524', 'learning_rate': '4.42e-06', 'epoch': '1.564'}
{'loss': '8.074', 'grad_norm': '0.7288', 'learning_rate': '4.388e-06', 'epoch': '1.567'}
{'loss': '8.044', 'grad_norm': '0.5241', 'learning_rate': '4.356e-06', 'epoch': '1.571'}
{'loss': '8.038', 'grad_norm': '0.4473', 'learning_rate': '4.323e-06', 'epoch': '1.574'}
{'loss': '8.177', 'grad_norm': '0.5472', 'learning_rate': '4.291e-06', 'epoch': '1.577'}
{'loss': '8.172', 'grad_norm': '0.4805', 'learning_rate': '4.258e-06', 'epoch': '1.58'}
{'loss': '8.128', 'grad_norm': '0.3529', 'learning_rate': '4.226e-06', 'epoch': '1.584'}
{'loss': '8.116', 'grad_norm': '0.6969', 'learning_rate': '4.194e-06', 'epoch': '1.587'}
{'loss': '8.169', 'grad_norm': '0.4437', 'learning_rate': '4.161e-06', 'epoch': '1.59'}
{'loss': '8.084', 'grad_norm': '0.7076', 'learning_rate': '4.129e-06', 'epoch': '1.593'}
{'loss': '8.135', 'grad_norm': '0.6239', 'learning_rate': '4.097e-06', 'epoch': '1.597'}
{'loss': '8.082', 'grad_norm': '0.3763', 'learning_rate': '4.064e-06', 'epoch': '1.6'}
{'loss': '8.175', 'grad_norm': '0.6179', 'learning_rate': '4.032e-06', 'epoch': '1.603'}
{'loss': '8.093', 'grad_norm': '0.667', 'learning_rate': '3.999e-06', 'epoch': '1.606'}
{'loss': '8.2', 'grad_norm': '0.3939', 'learning_rate': '3.967e-06', 'epoch': '1.61'}
{'loss': '8.215', 'grad_norm': '0.6309', 'learning_rate': '3.935e-06', 'epoch': '1.613'}
{'loss': '8.101', 'grad_norm': '0.6723', 'learning_rate': '3.902e-06', 'epoch': '1.616'}
{'loss': '8.203', 'grad_norm': '0.428', 'learning_rate': '3.87e-06', 'epoch': '1.619'}
{'loss': '7.898', 'grad_norm': '0.374', 'learning_rate': '3.837e-06', 'epoch': '1.622'}
{'loss': '8.037', 'grad_norm': '0.3346', 'learning_rate': '3.805e-06', 'epoch': '1.626'}
{'loss': '8.094', 'grad_norm': '0.5029', 'learning_rate': '3.773e-06', 'epoch': '1.629'}
{'loss': '8.219', 'grad_norm': '0.3415', 'learning_rate': '3.74e-06', 'epoch': '1.632'}
{'loss': '8.227', 'grad_norm': '0.4792', 'learning_rate': '3.708e-06', 'epoch': '1.635'}
{'loss': '8.103', 'grad_norm': '0.7027', 'learning_rate': '3.676e-06', 'epoch': '1.639'}
{'loss': '8.172', 'grad_norm': '0.43', 'learning_rate': '3.643e-06', 'epoch': '1.642'}
{'loss': '8.059', 'grad_norm': '0.6544', 'learning_rate': '3.611e-06', 'epoch': '1.645'}
{'loss': '8.182', 'grad_norm': '0.7311', 'learning_rate': '3.578e-06', 'epoch': '1.648'}
{'loss': '8.046', 'grad_norm': '0.4427', 'learning_rate': '3.546e-06', 'epoch': '1.652'}
{'loss': '8.156', 'grad_norm': '0.7001', 'learning_rate': '3.514e-06', 'epoch': '1.655'}
{'loss': '8.236', 'grad_norm': '0.4145', 'learning_rate': '3.481e-06', 'epoch': '1.658'}
{'loss': '8.172', 'grad_norm': '0.5091', 'learning_rate': '3.449e-06', 'epoch': '1.661'}
{'loss': '8.176', 'grad_norm': '0.6747', 'learning_rate': '3.416e-06', 'epoch': '1.665'}
{'loss': '8.168', 'grad_norm': '0.579', 'learning_rate': '3.384e-06', 'epoch': '1.668'}
{'loss': '8.186', 'grad_norm': '0.9644', 'learning_rate': '3.352e-06', 'epoch': '1.671'}
{'loss': '8.162', 'grad_norm': '0.6592', 'learning_rate': '3.319e-06', 'epoch': '1.674'}
{'loss': '8.086', 'grad_norm': '0.3912', 'learning_rate': '3.287e-06', 'epoch': '1.678'}
{'loss': '8.138', 'grad_norm': '0.4259', 'learning_rate': '3.255e-06', 'epoch': '1.681'}
{'loss': '8.072', 'grad_norm': '0.4424', 'learning_rate': '3.222e-06', 'epoch': '1.684'}
{'loss': '8.148', 'grad_norm': '1.03', 'learning_rate': '3.19e-06', 'epoch': '1.687'}
{'loss': '8.13', 'grad_norm': '0.6084', 'learning_rate': '3.157e-06', 'epoch': '1.69'}
{'loss': '8.237', 'grad_norm': '0.3886', 'learning_rate': '3.125e-06', 'epoch': '1.694'}
{'loss': '8.016', 'grad_norm': '0.5083', 'learning_rate': '3.093e-06', 'epoch': '1.697'}
{'loss': '8.115', 'grad_norm': '1.024', 'learning_rate': '3.06e-06', 'epoch': '1.7'}
{'loss': '8.202', 'grad_norm': '0.4625', 'learning_rate': '3.028e-06', 'epoch': '1.703'}
{'loss': '8.193', 'grad_norm': '0.5462', 'learning_rate': '2.995e-06', 'epoch': '1.707'}
{'loss': '8.148', 'grad_norm': '0.4629', 'learning_rate': '2.963e-06', 'epoch': '1.71'}
{'loss': '8.121', 'grad_norm': '0.8148', 'learning_rate': '2.931e-06', 'epoch': '1.713'}
{'loss': '8.174', 'grad_norm': '0.6228', 'learning_rate': '2.898e-06', 'epoch': '1.716'}
{'loss': '8.019', 'grad_norm': '0.5288', 'learning_rate': '2.866e-06', 'epoch': '1.72'}
{'loss': '8.02', 'grad_norm': '0.5976', 'learning_rate': '2.834e-06', 'epoch': '1.723'}
{'loss': '8.139', 'grad_norm': '0.541', 'learning_rate': '2.801e-06', 'epoch': '1.726'}
{'loss': '8.145', 'grad_norm': '0.6978', 'learning_rate': '2.769e-06', 'epoch': '1.729'}
{'loss': '8.186', 'grad_norm': '0.5435', 'learning_rate': '2.736e-06', 'epoch': '1.733'}
{'loss': '7.972', 'grad_norm': '0.5562', 'learning_rate': '2.704e-06', 'epoch': '1.736'}
{'loss': '8.239', 'grad_norm': '0.4206', 'learning_rate': '2.672e-06', 'epoch': '1.739'}
{'loss': '8.157', 'grad_norm': '0.8068', 'learning_rate': '2.639e-06', 'epoch': '1.742'}
{'loss': '8.25', 'grad_norm': '0.7155', 'learning_rate': '2.607e-06', 'epoch': '1.746'}
{'loss': '8.011', 'grad_norm': '0.6595', 'learning_rate': '2.574e-06', 'epoch': '1.749'}
{'loss': '8.145', 'grad_norm': '0.5429', 'learning_rate': '2.542e-06', 'epoch': '1.752'}
{'loss': '8.161', 'grad_norm': '0.5523', 'learning_rate': '2.51e-06', 'epoch': '1.755'}
{'loss': '8.235', 'grad_norm': '0.5062', 'learning_rate': '2.477e-06', 'epoch': '1.759'}
{'loss': '8.21', 'grad_norm': '0.4208', 'learning_rate': '2.445e-06', 'epoch': '1.762'}
{'loss': '8.232', 'grad_norm': '0.4321', 'learning_rate': '2.413e-06', 'epoch': '1.765'}
{'loss': '8.136', 'grad_norm': '0.3881', 'learning_rate': '2.38e-06', 'epoch': '1.768'}
{'loss': '8.261', 'grad_norm': '0.6244', 'learning_rate': '2.348e-06', 'epoch': '1.771'}
{'loss': '8.203', 'grad_norm': '0.5099', 'learning_rate': '2.315e-06', 'epoch': '1.775'}
{'loss': '8.199', 'grad_norm': '0.5646', 'learning_rate': '2.283e-06', 'epoch': '1.778'}
{'loss': '8.099', 'grad_norm': '0.46', 'learning_rate': '2.251e-06', 'epoch': '1.781'}
{'loss': '8.182', 'grad_norm': '0.4066', 'learning_rate': '2.218e-06', 'epoch': '1.784'}
{'loss': '8.065', 'grad_norm': '0.6712', 'learning_rate': '2.186e-06', 'epoch': '1.788'}
{'loss': '8.23', 'grad_norm': '0.3693', 'learning_rate': '2.153e-06', 'epoch': '1.791'}
{'loss': '8.153', 'grad_norm': '0.5607', 'learning_rate': '2.121e-06', 'epoch': '1.794'}
{'loss': '8.208', 'grad_norm': '0.5428', 'learning_rate': '2.089e-06', 'epoch': '1.797'}
{'loss': '8', 'grad_norm': '0.4848', 'learning_rate': '2.056e-06', 'epoch': '1.801'}
{'loss': '8.075', 'grad_norm': '0.4803', 'learning_rate': '2.024e-06', 'epoch': '1.804'}
{'loss': '8.034', 'grad_norm': '0.4652', 'learning_rate': '1.992e-06', 'epoch': '1.807'}
{'loss': '7.946', 'grad_norm': '0.7418', 'learning_rate': '1.959e-06', 'epoch': '1.81'}
{'loss': '8.153', 'grad_norm': '0.3265', 'learning_rate': '1.927e-06', 'epoch': '1.814'}
{'loss': '8.199', 'grad_norm': '0.3394', 'learning_rate': '1.894e-06', 'epoch': '1.817'}
{'loss': '8.229', 'grad_norm': '0.7711', 'learning_rate': '1.862e-06', 'epoch': '1.82'}
{'loss': '8.116', 'grad_norm': '0.6322', 'learning_rate': '1.83e-06', 'epoch': '1.823'}
{'loss': '8.152', 'grad_norm': '0.3971', 'learning_rate': '1.797e-06', 'epoch': '1.827'}
{'loss': '8.256', 'grad_norm': '0.6554', 'learning_rate': '1.765e-06', 'epoch': '1.83'}
{'loss': '8.256', 'grad_norm': '0.3819', 'learning_rate': '1.733e-06', 'epoch': '1.833'}
{'loss': '8.194', 'grad_norm': '0.7193', 'learning_rate': '1.7e-06', 'epoch': '1.836'}
{'loss': '8.096', 'grad_norm': '0.7052', 'learning_rate': '1.668e-06', 'epoch': '1.839'}
{'loss': '8.104', 'grad_norm': '0.6362', 'learning_rate': '1.635e-06', 'epoch': '1.843'}
{'loss': '8.27', 'grad_norm': '0.3334', 'learning_rate': '1.603e-06', 'epoch': '1.846'}
{'loss': '8.249', 'grad_norm': '0.5783', 'learning_rate': '1.571e-06', 'epoch': '1.849'}
{'loss': '7.919', 'grad_norm': '0.5423', 'learning_rate': '1.538e-06', 'epoch': '1.852'}
{'loss': '8.117', 'grad_norm': '0.661', 'learning_rate': '1.506e-06', 'epoch': '1.856'}
{'loss': '8.183', 'grad_norm': '0.6943', 'learning_rate': '1.473e-06', 'epoch': '1.859'}
{'loss': '8.128', 'grad_norm': '0.4015', 'learning_rate': '1.441e-06', 'epoch': '1.862'}
{'loss': '8.063', 'grad_norm': '0.5367', 'learning_rate': '1.409e-06', 'epoch': '1.865'}
{'loss': '8.222', 'grad_norm': '0.4611', 'learning_rate': '1.376e-06', 'epoch': '1.869'}
{'loss': '8.221', 'grad_norm': '0.4853', 'learning_rate': '1.344e-06', 'epoch': '1.872'}
{'loss': '8.188', 'grad_norm': '0.63', 'learning_rate': '1.312e-06', 'epoch': '1.875'}
{'loss': '8.275', 'grad_norm': '0.3131', 'learning_rate': '1.279e-06', 'epoch': '1.878'}
{'loss': '8.041', 'grad_norm': '0.3914', 'learning_rate': '1.247e-06', 'epoch': '1.882'}
{'loss': '8.19', 'grad_norm': '0.5254', 'learning_rate': '1.214e-06', 'epoch': '1.885'}
{'loss': '8.16', 'grad_norm': '0.5847', 'learning_rate': '1.182e-06', 'epoch': '1.888'}
{'loss': '8.152', 'grad_norm': '0.5973', 'learning_rate': '1.15e-06', 'epoch': '1.891'}
{'loss': '8.211', 'grad_norm': '0.4824', 'learning_rate': '1.117e-06', 'epoch': '1.895'}
{'loss': '8.166', 'grad_norm': '0.6462', 'learning_rate': '1.085e-06', 'epoch': '1.898'}
{'loss': '8.156', 'grad_norm': '0.5598', 'learning_rate': '1.052e-06', 'epoch': '1.901'}
{'loss': '8.102', 'grad_norm': '0.5971', 'learning_rate': '1.02e-06', 'epoch': '1.904'}
{'loss': '8.237', 'grad_norm': '0.491', 'learning_rate': '9.877e-07', 'epoch': '1.907'}
{'loss': '8.093', 'grad_norm': '0.5713', 'learning_rate': '9.553e-07', 'epoch': '1.911'}
{'loss': '8.134', 'grad_norm': '0.5946', 'learning_rate': '9.229e-07', 'epoch': '1.914'}
{'loss': '8.057', 'grad_norm': '0.4552', 'learning_rate': '8.905e-07', 'epoch': '1.917'}
{'loss': '8.106', 'grad_norm': '0.5202', 'learning_rate': '8.582e-07', 'epoch': '1.92'}
{'loss': '8.104', 'grad_norm': '0.7146', 'learning_rate': '8.258e-07', 'epoch': '1.924'}
{'loss': '8.242', 'grad_norm': '0.7494', 'learning_rate': '7.934e-07', 'epoch': '1.927'}
{'loss': '8.095', 'grad_norm': '0.6539', 'learning_rate': '7.61e-07', 'epoch': '1.93'}
{'loss': '8.148', 'grad_norm': '0.487', 'learning_rate': '7.286e-07', 'epoch': '1.933'}
{'loss': '8.073', 'grad_norm': '0.5935', 'learning_rate': '6.962e-07', 'epoch': '1.937'}
{'loss': '8.281', 'grad_norm': '0.5118', 'learning_rate': '6.639e-07', 'epoch': '1.94'}
{'loss': '8.153', 'grad_norm': '0.7268', 'learning_rate': '6.315e-07', 'epoch': '1.943'}
{'loss': '8.211', 'grad_norm': '0.596', 'learning_rate': '5.991e-07', 'epoch': '1.946'}
{'loss': '8.28', 'grad_norm': '0.4861', 'learning_rate': '5.667e-07', 'epoch': '1.95'}
{'loss': '8.199', 'grad_norm': '0.4315', 'learning_rate': '5.343e-07', 'epoch': '1.953'}
{'loss': '8.221', 'grad_norm': '0.3453', 'learning_rate': '5.019e-07', 'epoch': '1.956'}
{'loss': '8.139', 'grad_norm': '0.4778', 'learning_rate': '4.696e-07', 'epoch': '1.959'}
{'loss': '8.048', 'grad_norm': '0.4163', 'learning_rate': '4.372e-07', 'epoch': '1.963'}
{'loss': '8.073', 'grad_norm': '0.6333', 'learning_rate': '4.048e-07', 'epoch': '1.966'}
{'loss': '8.062', 'grad_norm': '0.629', 'learning_rate': '3.724e-07', 'epoch': '1.969'}
{'loss': '8.1', 'grad_norm': '0.5567', 'learning_rate': '3.4e-07', 'epoch': '1.972'}
{'loss': '8.142', 'grad_norm': '0.7747', 'learning_rate': '3.076e-07', 'epoch': '1.976'}
{'loss': '8.293', 'grad_norm': '0.799', 'learning_rate': '2.753e-07', 'epoch': '1.979'}
{'loss': '8.096', 'grad_norm': '0.6342', 'learning_rate': '2.429e-07', 'epoch': '1.982'}
{'loss': '8.028', 'grad_norm': '0.4804', 'learning_rate': '2.105e-07', 'epoch': '1.985'}
{'loss': '8.115', 'grad_norm': '0.7896', 'learning_rate': '1.781e-07', 'epoch': '1.988'}
{'loss': '8.076', 'grad_norm': '0.7635', 'learning_rate': '1.457e-07', 'epoch': '1.992'}
{'loss': '8.118', 'grad_norm': '0.5943', 'learning_rate': '1.133e-07', 'epoch': '1.995'}
{'loss': '8.133', 'grad_norm': '0.5253', 'learning_rate': '8.096e-08', 'epoch': '1.998'}
{'train_runtime': '1.226e+04', 'train_samples_per_second': '8.059', 'train_steps_per_second': '0.504', 'train_loss': '7.944', 'epoch': '2'}
